// Jest Snapshot v1, https://goo.gl/fbAQLP

exports[`should match the screenshot of the displayed list of pokemon 1`] = `
<div>
  <div
    class="list-layout"
  >
    <div
      class="pokemon-card"
    >
      <img
        alt="abomasnow"
        src="http://assets.pokemon.com/assets/cms2/img/pokedex/full/460.png"
      />
      <h1
        class="name"
      >
        abomasnow
      </h1>
      <section
        class="stats"
      >
        <div>
          grass
          /ice
        </div>
        <div>
          Attack: 
          92
        </div>
        <div>
          Defense: 
          75
        </div>
        <div>
          HP: 
          90
        </div>
      </section>
    </div>
    <div
      class="pokemon-card"
    >
      <img
        alt="abomasnow-mega"
        src="http://assets.pokemon.com/assets/cms2/img/pokedex/full/460_f2.png"
      />
      <h1
        class="name"
      >
        abomasnow-mega
      </h1>
      <section
        class="stats"
      >
        <div>
          grass
          /ice
        </div>
        <div>
          Attack: 
          132
        </div>
        <div>
          Defense: 
          105
        </div>
        <div>
          HP: 
          90
        </div>
      </section>
    </div>
    <div
      class="pokemon-card"
    >
      <img
        alt="abra"
        src="http://assets.pokemon.com/assets/cms2/img/pokedex/full/063.png"
      />
      <h1
        class="name"
      >
        abra
      </h1>
      <section
        class="stats"
      >
        <div>
          psychic
          
        </div>
        <div>
          Attack: 
          20
        </div>
        <div>
          Defense: 
          15
        </div>
        <div>
          HP: 
          25
        </div>
      </section>
    </div>
    <div
      class="pokemon-card"
    >
      <img
        alt="absol"
        src="http://assets.pokemon.com/assets/cms2/img/pokedex/full/359.png"
      />
      <h1
        class="name"
      >
        absol
      </h1>
      <section
        class="stats"
      >
        <div>
          dark
          
        </div>
        <div>
          Attack: 
          130
        </div>
        <div>
          Defense: 
          60
        </div>
        <div>
          HP: 
          65
        </div>
      </section>
    </div>
    <div
      class="pokemon-card"
    >
      <img
        alt="absol-mega"
        src="http://assets.pokemon.com/assets/cms2/img/pokedex/full/359_f2.png"
      />
      <h1
        class="name"
      >
        absol-mega
      </h1>
      <section
        class="stats"
      >
        <div>
          dark
          
        </div>
        <div>
          Attack: 
          150
        </div>
        <div>
          Defense: 
          60
        </div>
        <div>
          HP: 
          65
        </div>
      </section>
    </div>
    <div
      class="pokemon-card"
    >
      <img
        alt="accelgor"
        src="http://assets.pokemon.com/assets/cms2/img/pokedex/full/617.png"
      />
      <h1
        class="name"
      >
        accelgor
      </h1>
      <section
        class="stats"
      >
        <div>
          bug
          
        </div>
        <div>
          Attack: 
          70
        </div>
        <div>
          Defense: 
          40
        </div>
        <div>
          HP: 
          80
        </div>
      </section>
    </div>
    <div
      class="pokemon-card"
    >
      <img
        alt="aegislash-blade"
        src="http://assets.pokemon.com/assets/cms2/img/pokedex/full/681.png"
      />
      <h1
        class="name"
      >
        aegislash-blade
      </h1>
      <section
        class="stats"
      >
        <div>
          steel
          /ghost
        </div>
        <div>
          Attack: 
          150
        </div>
        <div>
          Defense: 
          50
        </div>
        <div>
          HP: 
          60
        </div>
      </section>
    </div>
    <div
      class="pokemon-card"
    >
      <img
        alt="aegislash-shield"
        src="http://assets.pokemon.com/assets/cms2/img/pokedex/full/681.png"
      />
      <h1
        class="name"
      >
        aegislash-shield
      </h1>
      <section
        class="stats"
      >
        <div>
          steel
          /ghost
        </div>
        <div>
          Attack: 
          50
        </div>
        <div>
          Defense: 
          150
        </div>
        <div>
          HP: 
          60
        </div>
      </section>
    </div>
    <div
      class="pokemon-card"
    >
      <img
        alt="aerodactyl"
        src="http://assets.pokemon.com/assets/cms2/img/pokedex/full/142.png"
      />
      <h1
        class="name"
      >
        aerodactyl
      </h1>
      <section
        class="stats"
      >
        <div>
          rock
          /flying
        </div>
        <div>
          Attack: 
          105
        </div>
        <div>
          Defense: 
          65
        </div>
        <div>
          HP: 
          80
        </div>
      </section>
    </div>
    <div
      class="pokemon-card"
    >
      <img
        alt="aerodactyl-mega"
        src="http://assets.pokemon.com/assets/cms2/img/pokedex/full/142_f2.png"
      />
      <h1
        class="name"
      >
        aerodactyl-mega
      </h1>
      <section
        class="stats"
      >
        <div>
          rock
          /flying
        </div>
        <div>
          Attack: 
          135
        </div>
        <div>
          Defense: 
          85
        </div>
        <div>
          HP: 
          80
        </div>
      </section>
    </div>
    <div
      class="pokemon-card"
    >
      <img
        alt="aggron"
        src="http://assets.pokemon.com/assets/cms2/img/pokedex/full/306.png"
      />
      <h1
        class="name"
      >
        aggron
      </h1>
      <section
        class="stats"
      >
        <div>
          steel
          /rock
        </div>
        <div>
          Attack: 
          110
        </div>
        <div>
          Defense: 
          180
        </div>
        <div>
          HP: 
          70
        </div>
      </section>
    </div>
    <div
      class="pokemon-card"
    >
      <img
        alt="aggron-mega"
        src="http://assets.pokemon.com/assets/cms2/img/pokedex/full/306_f2.png"
      />
      <h1
        class="name"
      >
        aggron-mega
      </h1>
      <section
        class="stats"
      >
        <div>
          steel
          
        </div>
        <div>
          Attack: 
          140
        </div>
        <div>
          Defense: 
          230
        </div>
        <div>
          HP: 
          70
        </div>
      </section>
    </div>
    <div
      class="pokemon-card"
    >
      <img
        alt="aipom"
        src="http://assets.pokemon.com/assets/cms2/img/pokedex/full/190.png"
      />
      <h1
        class="name"
      >
        aipom
      </h1>
      <section
        class="stats"
      >
        <div>
          normal
          
        </div>
        <div>
          Attack: 
          70
        </div>
        <div>
          Defense: 
          55
        </div>
        <div>
          HP: 
          55
        </div>
      </section>
    </div>
    <div
      class="pokemon-card"
    >
      <img
        alt="alakazam"
        src="http://assets.pokemon.com/assets/cms2/img/pokedex/full/065.png"
      />
      <h1
        class="name"
      >
        alakazam
      </h1>
      <section
        class="stats"
      >
        <div>
          psychic
          
        </div>
        <div>
          Attack: 
          50
        </div>
        <div>
          Defense: 
          45
        </div>
        <div>
          HP: 
          55
        </div>
      </section>
    </div>
    <div
      class="pokemon-card"
    >
      <img
        alt="alakazam-mega"
        src="http://assets.pokemon.com/assets/cms2/img/pokedex/full/065_f2.png"
      />
      <h1
        class="name"
      >
        alakazam-mega
      </h1>
      <section
        class="stats"
      >
        <div>
          psychic
          
        </div>
        <div>
          Attack: 
          50
        </div>
        <div>
          Defense: 
          65
        </div>
        <div>
          HP: 
          55
        </div>
      </section>
    </div>
    <div
      class="pokemon-card"
    >
      <img
        alt="alomomola"
        src="http://assets.pokemon.com/assets/cms2/img/pokedex/full/594.png"
      />
      <h1
        class="name"
      >
        alomomola
      </h1>
      <section
        class="stats"
      >
        <div>
          water
          
        </div>
        <div>
          Attack: 
          75
        </div>
        <div>
          Defense: 
          80
        </div>
        <div>
          HP: 
          165
        </div>
      </section>
    </div>
    <div
      class="pokemon-card"
    >
      <img
        alt="altaria"
        src="http://assets.pokemon.com/assets/cms2/img/pokedex/full/334.png"
      />
      <h1
        class="name"
      >
        altaria
      </h1>
      <section
        class="stats"
      >
        <div>
          dragon
          /flying
        </div>
        <div>
          Attack: 
          70
        </div>
        <div>
          Defense: 
          90
        </div>
        <div>
          HP: 
          75
        </div>
      </section>
    </div>
    <div
      class="pokemon-card"
    >
      <img
        alt="altaria-mega"
        src="http://assets.pokemon.com/assets/cms2/img/pokedex/full/334_f2.png"
      />
      <h1
        class="name"
      >
        altaria-mega
      </h1>
      <section
        class="stats"
      >
        <div>
          dragon
          /fairy
        </div>
        <div>
          Attack: 
          110
        </div>
        <div>
          Defense: 
          110
        </div>
        <div>
          HP: 
          75
        </div>
      </section>
    </div>
    <div
      class="pokemon-card"
    >
      <img
        alt="amaura"
        src="http://assets.pokemon.com/assets/cms2/img/pokedex/full/698.png"
      />
      <h1
        class="name"
      >
        amaura
      </h1>
      <section
        class="stats"
      >
        <div>
          rock
          /ice
        </div>
        <div>
          Attack: 
          59
        </div>
        <div>
          Defense: 
          50
        </div>
        <div>
          HP: 
          77
        </div>
      </section>
    </div>
    <div
      class="pokemon-card"
    >
      <img
        alt="ambipom"
        src="http://assets.pokemon.com/assets/cms2/img/pokedex/full/424.png"
      />
      <h1
        class="name"
      >
        ambipom
      </h1>
      <section
        class="stats"
      >
        <div>
          normal
          
        </div>
        <div>
          Attack: 
          100
        </div>
        <div>
          Defense: 
          66
        </div>
        <div>
          HP: 
          75
        </div>
      </section>
    </div>
  </div>
</div>
`;
